* installing *source* package ‘RcppTOML’ ...
** libs
clang++ -std=gnu++11 -I"/Library/Frameworks/R.framework/Resources/include" -DNDEBUG -I../inst/include/ -DCPPTOML_USE_MAP -I"/Users/devinpastoor/Rpkgs/3.5/Rcpp/include" -I/usr/local/include   -fPIC  -Wall -g -O2 -c RcppExports.cpp -o RcppExports.o
clang++ -std=gnu++11 -I"/Library/Frameworks/R.framework/Resources/include" -DNDEBUG -I../inst/include/ -DCPPTOML_USE_MAP -I"/Users/devinpastoor/Rpkgs/3.5/Rcpp/include" -I/usr/local/include   -fPIC  -Wall -g -O2 -c parse.cpp -o parse.o
clang++ -std=gnu++11 -dynamiclib -Wl,-headerpad_max_install_names -undefined dynamic_lookup -single_module -multiply_defined suppress -L/Library/Frameworks/R.framework/Resources/lib -L/usr/local/lib -o RcppTOML.so RcppExports.o parse.o -F/Library/Frameworks/R.framework/.. -framework R -Wl,-framework -Wl,CoreFoundation
installing to /Users/devinpastoor/repos/output/RcppTOML.Rcheck/RcppTOML/libs
** R
** inst
** byte-compile and prepare package for lazy loading
** help
*** installing help indices
** building package indices
** testing if installed package can be loaded
* DONE (RcppTOML)
